// Jest Snapshot v1, https://goo.gl/fbAQLP

exports[`UserList renders a snapshot properly 1`] = `null`;
